Microchip MPLAB XC8 Compiler V2.45

Linker command line:

-W-3 --edf=D:\CodingPrograms\xc8\pic\dat\20230818022343_en.msgs -cn \
  -h+dist/default/debug\project_2.debug.sym \
  --cmf=dist/default/debug\project_2.debug.cmf -z -Q18F4620 \
  -oC:\Users\SUPERM~1\AppData\Local\Temp\xcAs4jo.\driver_tmp_3.o \
  --defsym=__MPLAB_BUILD=1 --fixupoverflow=error \
  -Mdist/default/debug/project_2.debug.map \
  --md=C:\Users\SUPERM~1\AppData\Local\Temp\xcAs4jo.\driver_tmp_0.dat -E1 \
  -ver=XC8 Compiler --acfsm=1493 -ACODE=00h-0FFFFh -ACONST=00h-0FFFFh \
  -ASMALLCONST=01000h-010FFhx240 -AMEDIUMCONST=01000h-0FFFFh \
  -ACOMRAM=01h-07Fh -AABS1=00h-0F7Fh -ABIGRAM=01h-0F7Fh \
  -ARAM=080h-0FFh,0100h-01FFhx14,0F00h-0F7Fh -ABANK0=080h-0FFh \
  -ABANK1=0100h-01FFh -ABANK2=0200h-02FFh -ABANK3=0300h-03FFh \
  -ABANK4=0400h-04FFh -ABANK5=0500h-05FFh -ABANK6=0600h-06FFh \
  -ABANK7=0700h-07FFh -ABANK8=0800h-08FFh -ABANK9=0900h-09FFh \
  -ABANK10=0A00h-0AFFh -ABANK11=0B00h-0BFFh -ABANK12=0C00h-0CFFh \
  -ABANK13=0D00h-0DFFh -ABANK14=0E00h-0EFFh -ABANK15=0F00h-0F7Fh \
  -ASFR=0F80h-0FFFh -ABIGSFR=0F80h-0FFFh -ACONFIG=0300000h-030000Dh \
  -AIDLOC=0200000h-0200007h -AEEDATA=0F00000h-0F003FFh -peeprom_data=EEDATA \
  -preset_vec=00h,intcode=08h,intcodelo,powerup,init -pramtop=01000h \
  -psmallconst=SMALLCONST -pmediumconst=MEDIUMCONST -pconst=CONST \
  -AFARRAM=00h-00h \
  -prdata=COMRAM,nvrram=COMRAM,nvbit=COMRAM,rbss=COMRAM,rbit=COMRAM \
  -pfarbss=FARRAM,fardata=FARRAM,nvFARRAM=FARRAM \
  -pintsave_regs=BIGRAM,bigbss=BIGRAM,bigdata=BIGRAM -pbss=RAM \
  -pidata=CODE,irdata=CODE,ibigdata=CODE,ifardata=CODE -prparam=COMRAM \
  C:\Users\SUPERM~1\AppData\Local\Temp\xcAs4jo.\driver_tmp_9.o \
  dist/default/debug\project_2.debug.o 

Object code version is 3.11

Machine type is 18F4620



                Name                               Link     Load   Length Selector   Space Scale
C:\Users\SUPERM~1\AppData\Local\Temp\xcAs4jo.\driver_tmp_9.o
                config                           300000   300000        E        0       4
                init                                  E        E        4        4       0
                reset_vec                             0        0        4        0       0
dist/default/debug\project_2.debug.o
                intcode                               8        8        6        4       0
                config                           300000   300000        E        0       4
                temp                                 7E       7E        1        1       1
                smallconst                         1000     1000       2E      800       0
                text25                             284E     284E        4      817       0
                text24                             284A     284A        4      817       0
                text23                             2846     2846        4      817       0
                text22                             2828     2828        C      817       0
                text21                             281C     281C        C      817       0
                text20                             2834     2834        8      817       0
                text19                             2842     2842        4      817       0
                text18                             2810     2810        C      817       0
                intcode_body                       226A     226A      106      817       0
                text16                             1F1C     1F1C      12C      817       0
                text15                             2658     2658       50      817       0
                text14                             2048     2048      11C      817       0
                text13                             2604     2604       54      817       0
                text12                             25B0     25B0       54      817       0
                text11                             27F6     27F6       1A      817       0
                text10                             273E     273E       44      817       0
                text9                              249E     249E       90      817       0
                text8                              240E     240E       90      817       0
                text7                              150E     150E      4C0      817       0
                text6                              19CE     19CE      39A      817       0
                text5                              2164     2164      106      817       0
                text4                              1D68     1D68      1B4      817       0
                text3                              102E     102E      4E0      817       0
                text2                              27C4     27C4       32      817       0
                text1                              2782     2782       42      817       0
                text0                              2370     2370       9E      817       0
                cstackCOMRAM                          1        1       55        1       1
                dataBANK1                           100      100       48      100       1
                dataBANK0                            80       80       4E       80       1
                bssBANK0                             CE       CE       26       80       1
                dataCOMRAM                           78       78        6        1       1
                bssCOMRAM                            56       56       22        1       1
                cinit                              252E     252E       82      817       0
                idataBANK1                         26F6     26F6       48      817       0
                idataBANK0                         26A8     26A8       4E      817       0
                idataCOMRAM                        283C     283C        6      817       0

TOTAL           Name                               Link     Load   Length     Space
        CLASS   CODE           
                intcode                               8        8        6         0
                init                                  E        E        4         0
                reset_vec                             0        0        4         0
                text25                             284E     284E        4         0
                text24                             284A     284A        4         0
                text23                             2846     2846        4         0
                text22                             2828     2828        C         0
                text21                             281C     281C        C         0
                text20                             2834     2834        8         0
                text19                             2842     2842        4         0
                text18                             2810     2810        C         0
                intcode_body                       226A     226A      106         0
                text16                             1F1C     1F1C      12C         0
                text15                             2658     2658       50         0
                text14                             2048     2048      11C         0
                text13                             2604     2604       54         0
                text12                             25B0     25B0       54         0
                text11                             27F6     27F6       1A         0
                text10                             273E     273E       44         0
                text9                              249E     249E       90         0
                text8                              240E     240E       90         0
                text7                              150E     150E      4C0         0
                text6                              19CE     19CE      39A         0
                text5                              2164     2164      106         0
                text4                              1D68     1D68      1B4         0
                text3                              102E     102E      4E0         0
                text2                              27C4     27C4       32         0
                text1                              2782     2782       42         0
                text0                              2370     2370       9E         0
                cinit                              252E     252E       82         0
                idataBANK1                         26F6     26F6       48         0
                idataBANK0                         26A8     26A8       4E         0
                idataCOMRAM                        283C     283C        6         0

        CLASS   CONST          

        CLASS   SMALLCONST     
                smallconst                         1000     1000       2E         0

        CLASS   MEDIUMCONST    

        CLASS   COMRAM         
                temp                                 7E       7E        1         1
                cstackCOMRAM                          1        1       55         1
                dataCOMRAM                           78       78        6         1
                bssCOMRAM                            56       56       22         1

        CLASS   ABS1           

        CLASS   BIGRAM         

        CLASS   RAM            

        CLASS   BANK0          
                dataBANK0                            80       80       4E         1
                bssBANK0                             CE       CE       26         1

        CLASS   BANK1          
                dataBANK1                           100      100       48         1

        CLASS   BANK2          

        CLASS   BANK3          

        CLASS   BANK4          

        CLASS   BANK5          

        CLASS   BANK6          

        CLASS   BANK7          

        CLASS   BANK8          

        CLASS   BANK9          

        CLASS   BANK10         

        CLASS   BANK11         

        CLASS   BANK12         

        CLASS   BANK13         

        CLASS   BANK14         

        CLASS   BANK15         

        CLASS   SFR            

        CLASS   BIGSFR         

        CLASS   CONFIG         
                config                           300000   300000        E         4

        CLASS   IDLOC          

        CLASS   EEDATA         

        CLASS   FARRAM         

        CLASS   HEAP           

        CLASS   STACK          



SEGMENTS        Name                           Load    Length   Top    Selector   Space  Class

                reset_vec                      000000  000004  000004         0       0  CODE    
                cstackCOMRAM                   000001  00007E  00007F         1       1  COMRAM  
                intcode                        000008  00000A  000012         4       0  CODE    
                dataBANK0                      000080  000074  0000F4        80       1  BANK0   
                dataBANK1                      000100  000048  000148       100       1  BANK1   
                smallconst                     001000  00002E  00102E       800       0  SMALLCON
                text3                          00102E  001824  002852       817       0  CODE    


UNUSED ADDRESS RANGES

        Name                Unused          Largest block    Delta
        BANK0            0000F4-0000FF                C
        BANK1            000148-0001FF               B8
        BANK10           000A00-000AFF              100
        BANK11           000B00-000BFF              100
        BANK12           000C00-000CFF              100
        BANK13           000D00-000DFF              100
        BANK14           000E00-000EFF              100
        BANK15           000F00-000F7F               80
        BANK2            000200-0002FF              100
        BANK3            000300-0003FF              100
        BANK4            000400-0004FF              100
        BANK5            000500-0005FF              100
        BANK6            000600-0006FF              100
        BANK7            000700-0007FF              100
        BANK8            000800-0008FF              100
        BANK9            000900-0009FF              100
        BIGRAM           00007F-00007F                1
                         0000F4-0000FF                C
                         000148-000F7F              E38
        BIGSFR           000F80-000FFF               80
        CODE             000004-000007                4
                         000012-000FFF              FEE
                         002852-00FFFF             D7AE
        COMRAM           00007F-00007F                1
        CONST            000004-000007                4
                         000012-000FFF              FEE
                         002852-00FFFF             D7AE
        EEDATA           F00000-F003FF              400
        IDLOC            200000-200007                8
        MEDIUMCONST      002852-00FFFF             D7AE
        RAM              0000F4-0000FF                C
                         000148-000F7F              100
        SFR              000F80-000FFF               80
        SMALLCONST       002852-00FFFF              100

                                  Symbol Table

?___fladd                                 cstackCOMRAM 000028
?___fldiv                                 cstackCOMRAM 00000F
?___fltol                                 cstackCOMRAM 000001
?___xxtofl                                cstackCOMRAM 000001
BUZ_init@F2898                            bssBANK0     0000E6
BUZ_off@F2908                             bssBANK0     0000DE
BUZ_on@F2903                              bssBANK0     0000E2
CCP_Compare_Mode_Set_Value@F2958          bssCOMRAM    000070
LED_init@F2900                            bssBANK0     0000DA
LED_init@led                              cstackCOMRAM 000008
LED_init@led_obj                          cstackCOMRAM 000009
LED_off@F2910                             bssBANK0     0000D2
LED_off@led                               cstackCOMRAM 000009
LED_off@led_obj                           cstackCOMRAM 00000A
LED_on@F2905                              bssBANK0     0000D6
LED_on@led                                cstackCOMRAM 000009
LED_on@led_obj                            cstackCOMRAM 00000A
LED_toggle@F2915                          bssBANK0     0000CE
Uart_ASYNC_RX_Init@_eusart                cstackCOMRAM 000001
Uart_ASYNC_TX_Init@_eusart                cstackCOMRAM 000001
Uart_Baud_Rate_Calculation@Baud_Rate_Temp cstackCOMRAM 00003B
Uart_Baud_Rate_Calculation@_eusart        cstackCOMRAM 000038
Uart_Init@uart_obj                        cstackCOMRAM 000043
Uart_ReadByteNonBlocking@data             cstackCOMRAM 000001
Uart_WriteStringBlocking@data             cstackCOMRAM 000001
_ADCON0bits                               (abs)        000FC2
_ADCON1bits                               (abs)        000FC1
_ADCON2bits                               (abs)        000FC0
_ADC_InterruptHandler                     bssCOMRAM    000074
_ADRESH                                   (abs)        000FC4
_ADRESL                                   (abs)        000FC3
_BAUDCONbits                              (abs)        000FB8
_BUZZER                                   dataBANK0    0000B2
_CCP1CONbits                              (abs)        000FBD
_CCP1_InterruptHandler                    bssCOMRAM    000072
_CCP2CONbits                              (abs)        000FBA
_CCPR1H                                   (abs)        000FBF
_CCPR1L                                   (abs)        000FBE
_CCPR2H                                   (abs)        000FBC
_CCPR2L                                   (abs)        000FBB
_EEADR                                    (abs)        000FA9
_EEADRH                                   (abs)        000FAA
_EECON1bits                               (abs)        000FA6
_EECON2                                   (abs)        000FA7
_EEDATA                                   (abs)        000FA8
_INT0_ISR                                 text25       00284E
_INT0_InterruptHandler                    bssCOMRAM    00006E
_INT1_ISR                                 text24       00284A
_INT1_InterruptHandler                    bssCOMRAM    00006C
_INT2_ISR                                 text23       002846
_INT2_InterruptHandler                    bssCOMRAM    00006A
_INTCON2bits                              (abs)        000FF1
_INTCON3bits                              (abs)        000FF0
_INTCONbits                               (abs)        000FF2
_LATA                                     (abs)        000F89
_LATB                                     (abs)        000F8A
_LATC                                     (abs)        000F8B
_LATD                                     (abs)        000F8C
_LATE                                     (abs)        000F8D
_LAT_registers                            dataBANK0    00008A
_LED_init                                 text15       002658
_LED_off                                  text13       002604
_LED_on                                   text12       0025B0
_Microwave_motor                          dataBANK0    0000B4
_PIE1bits                                 (abs)        000F9D
_PIE2bits                                 (abs)        000FA0
_PIR1bits                                 (abs)        000F9E
_PIR2bits                                 (abs)        000FA1
_PORTA                                    (abs)        000F80
_PORTB                                    (abs)        000F81
_PORTC                                    (abs)        000F82
_PORTD                                    (abs)        000F83
_PORTE                                    (abs)        000F84
_PORT_registers                           dataBANK0    000080
_PR2                                      (abs)        000FCB
_RB4_Flag                                 dataCOMRAM   000079
_RB4_InterruptHandler_High                bssCOMRAM    000068
_RB4_InterruptHandler_Low                 bssCOMRAM    000066
_RB5_Flag                                 dataCOMRAM   000078
_RB5_InterruptHandler_High                bssCOMRAM    000064
_RB5_InterruptHandler_Low                 bssCOMRAM    000062
_RB6_InterruptHandler_High                bssCOMRAM    000060
_RB6_InterruptHandler_Low                 bssCOMRAM    00005E
_RB7_InterruptHandler_High                bssBANK0     0000F2
_RB7_InterruptHandler_Low                 bssBANK0     0000F0
_RCREG                                    (abs)        000FAE
_RCSTAbits                                (abs)        000FAB
_SPBRG                                    (abs)        000FAF
_SPBRGH                                   (abs)        000FB0
_T0CONbits                                (abs)        000FD5
_T1CONbits                                (abs)        000FCD
_T2CONbits                                (abs)        000FCA
_T3CONbits                                (abs)        000FB1
_TMR0H                                    (abs)        000FD7
_TMR0L                                    (abs)        000FD6
_TMR1H                                    (abs)        000FCF
_TMR1L                                    (abs)        000FCE
_TMR2                                     (abs)        000FCC
_TMR3H                                    (abs)        000FB3
_TMR3L                                    (abs)        000FB2
_TRISA                                    (abs)        000F92
_TRISB                                    (abs)        000F93
_TRISC                                    (abs)        000F94
_TRISCbits                                (abs)        000F94
_TRISD                                    (abs)        000F95
_TRISE                                    (abs)        000F96
_TXREG                                    (abs)        000FAD
_TXSTAbits                                (abs)        000FAC
_Timer0_ISR                               text22       002828
_Timer1_ISR                               text21       00281C
_Timer2_ISR                               text20       002834
_Timer2_Interrupt_Handler                 bssCOMRAM    000058
_Timer2_preload                           bssCOMRAM    000076
_Timer3_InterruptHandler                  bssBANK0     0000EA
_Uart_ASYNC_RX_Init                       text9        00249E
_Uart_ASYNC_TX_Init                       text8        00240E
_Uart_Baud_Rate_Calculation               text3        00102E
_Uart_Baud_Rate_Calculation$4650          cstackCOMRAM 00003F
_Uart_Init                                text2        0027C4
_Uart_ReadByteNonBlocking                 text11       0027F6
_Uart_WriteStringBlocking                 text10       00273E
__HRAM                                    (abs)        000000
__H__absolute__                           __absolute__ 000000
__Habs1                                   abs1         000000
__Hbank0                                  bank0        000000
__Hbank1                                  bank1        000000
__Hbank10                                 bank10       000000
__Hbank11                                 bank11       000000
__Hbank12                                 bank12       000000
__Hbank13                                 bank13       000000
__Hbank14                                 bank14       000000
__Hbank15                                 bank15       000000
__Hbank2                                  bank2        000000
__Hbank3                                  bank3        000000
__Hbank4                                  bank4        000000
__Hbank5                                  bank5        000000
__Hbank6                                  bank6        000000
__Hbank7                                  bank7        000000
__Hbank8                                  bank8        000000
__Hbank9                                  bank9        000000
__Hbigbss                                 bigbss       000000
__Hbigdata                                bigdata      000000
__Hbigram                                 bigram       000000
__Hbigsfr                                 bigsfr       000000
__Hbss                                    bss          000000
__HbssBANK0                               bssBANK0     000000
__HbssCOMRAM                              bssCOMRAM    000000
__Hcinit                                  cinit        000000
__Hclrtext                                clrtext      000000
__Hcomram                                 comram       000000
__Hconfig                                 config       30000E
__Hconst                                  const        000000
__HcstackCOMRAM                           cstackCOMRAM 000000
__Hdata                                   data         000000
__HdataBANK0                              dataBANK0    000000
__HdataBANK1                              dataBANK1    000000
__HdataCOMRAM                             dataCOMRAM   000000
__Heeprom_data                            eeprom_data  000000
__Hfarbss                                 farbss       000000
__Hfardata                                fardata      000000
__Hheap                                   heap         000000
__Hibigdata                               ibigdata     000000
__Hidata                                  idata        000000
__HidataBANK0                             idataBANK0   000000
__HidataBANK1                             idataBANK1   000000
__HidataCOMRAM                            idataCOMRAM  000000
__Hidloc                                  idloc        000000
__Hifardata                               ifardata     000000
__Hinit                                   init         000012
__Hintcode                                intcode      00000E
__Hintcode_body                           intcode_body 000000
__Hintcodelo                              intcodelo    00000E
__Hintentry                               intentry     000000
__Hintret                                 intret       000000
__Hintsave_regs                           intsave_regs 000000
__Hirdata                                 irdata       000000
__Hmediumconst                            mediumconst  000000
__HnvFARRAM                               nvFARRAM     000000
__Hnvbit                                  nvbit        000000
__Hnvrram                                 nvrram       000000
__Hparam                                  rparam       000000
__Hpowerup                                powerup      00000E
__Hram                                    ram          000000
__Hramtop                                 ramtop       001000
__Hrbit                                   rbit         000000
__Hrbss                                   rbss         000000
__Hrdata                                  rdata        000000
__Hreset_vec                              reset_vec    000004
__Hrparam                                 rparam       000000
__Hsfr                                    sfr          000000
__Hsmallconst                             smallconst   00102E
__Hspace_0                                (abs)        002852
__Hspace_1                                (abs)        000148
__Hspace_2                                (abs)        000000
__Hspace_4                                (abs)        60000E
__Hstack                                  stack        000000
__Hstruct                                 struct       000000
__Htemp                                   temp         00007F
__Htext                                   text         000000
__Htext0                                  text0        000000
__Htext1                                  text1        000000
__Htext10                                 text10       000000
__Htext11                                 text11       000000
__Htext12                                 text12       000000
__Htext13                                 text13       000000
__Htext14                                 text14       000000
__Htext15                                 text15       000000
__Htext16                                 text16       000000
__Htext18                                 text18       000000
__Htext19                                 text19       000000
__Htext2                                  text2        000000
__Htext20                                 text20       000000
__Htext21                                 text21       000000
__Htext22                                 text22       000000
__Htext23                                 text23       000000
__Htext24                                 text24       000000
__Htext25                                 text25       000000
__Htext3                                  text3        000000
__Htext4                                  text4        000000
__Htext5                                  text5        000000
__Htext6                                  text6        000000
__Htext7                                  text7        000000
__Htext8                                  text8        000000
__Htext9                                  text9        000000
__LRAM                                    (abs)        000001
__L__absolute__                           __absolute__ 000000
__Labs1                                   abs1         000000
__Lbank0                                  bank0        000000
__Lbank1                                  bank1        000000
__Lbank10                                 bank10       000000
__Lbank11                                 bank11       000000
__Lbank12                                 bank12       000000
__Lbank13                                 bank13       000000
__Lbank14                                 bank14       000000
__Lbank15                                 bank15       000000
__Lbank2                                  bank2        000000
__Lbank3                                  bank3        000000
__Lbank4                                  bank4        000000
__Lbank5                                  bank5        000000
__Lbank6                                  bank6        000000
__Lbank7                                  bank7        000000
__Lbank8                                  bank8        000000
__Lbank9                                  bank9        000000
__Lbigbss                                 bigbss       000000
__Lbigdata                                bigdata      000000
__Lbigram                                 bigram       000000
__Lbigsfr                                 bigsfr       000000
__Lbss                                    bss          000000
__LbssBANK0                               bssBANK0     000000
__LbssCOMRAM                              bssCOMRAM    000000
__Lcinit                                  cinit        000000
__Lclrtext                                clrtext      000000
__Lcomram                                 comram       000000
__Lconfig                                 config       000000
__Lconst                                  const        000000
__LcstackCOMRAM                           cstackCOMRAM 000000
__Ldata                                   data         000000
__LdataBANK0                              dataBANK0    000000
__LdataBANK1                              dataBANK1    000000
__LdataCOMRAM                             dataCOMRAM   000000
__Leeprom_data                            eeprom_data  000000
__Lfarbss                                 farbss       000000
__Lfardata                                fardata      000000
__Lheap                                   heap         000000
__Libigdata                               ibigdata     000000
__Lidata                                  idata        000000
__LidataBANK0                             idataBANK0   000000
__LidataBANK1                             idataBANK1   000000
__LidataCOMRAM                            idataCOMRAM  000000
__Lidloc                                  idloc        000000
__Lifardata                               ifardata     000000
__Linit                                   init         00000E
__Lintcode                                intcode      000008
__Lintcode_body                           intcode_body 000000
__Lintcodelo                              intcodelo    00000E
__Lintentry                               intentry     000000
__Lintret                                 intret       000000
__Lintsave_regs                           intsave_regs 000000
__Lirdata                                 irdata       000000
__Lmediumconst                            mediumconst  000000
__LnvFARRAM                               nvFARRAM     000000
__Lnvbit                                  nvbit        000000
__Lnvrram                                 nvrram       000000
__Lparam                                  rparam       000000
__Lpowerup                                powerup      00000E
__Lram                                    ram          000000
__Lramtop                                 ramtop       001000
__Lrbit                                   rbit         000000
__Lrbss                                   rbss         000000
__Lrdata                                  rdata        000000
__Lreset_vec                              reset_vec    000000
__Lrparam                                 rparam       000000
__Lsfr                                    sfr          000000
__Lsmallconst                             smallconst   001000
__Lspace_0                                (abs)        000000
__Lspace_1                                (abs)        000000
__Lspace_2                                (abs)        000000
__Lspace_4                                (abs)        000000
__Lstack                                  stack        000000
__Lstruct                                 struct       000000
__Ltemp                                   temp         00007E
__Ltext                                   text         000000
__Ltext0                                  text0        000000
__Ltext1                                  text1        000000
__Ltext10                                 text10       000000
__Ltext11                                 text11       000000
__Ltext12                                 text12       000000
__Ltext13                                 text13       000000
__Ltext14                                 text14       000000
__Ltext15                                 text15       000000
__Ltext16                                 text16       000000
__Ltext18                                 text18       000000
__Ltext19                                 text19       000000
__Ltext2                                  text2        000000
__Ltext20                                 text20       000000
__Ltext21                                 text21       000000
__Ltext22                                 text22       000000
__Ltext23                                 text23       000000
__Ltext24                                 text24       000000
__Ltext25                                 text25       000000
__Ltext3                                  text3        000000
__Ltext4                                  text4        000000
__Ltext5                                  text5        000000
__Ltext6                                  text6        000000
__Ltext7                                  text7        000000
__Ltext8                                  text8        000000
__Ltext9                                  text9        000000
__S0                                      (abs)        002852
__S1                                      (abs)        000148
__S4                                      (abs)        000000
__S5                                      (abs)        000000
___fladd                                  text7        00150E
___fladd@a                                cstackCOMRAM 00002C
___fladd@aexp                             cstackCOMRAM 000035
___fladd@b                                cstackCOMRAM 000028
___fladd@bexp                             cstackCOMRAM 000036
___fladd@grs                              cstackCOMRAM 000037
___fladd@signs                            cstackCOMRAM 000034
___fldiv                                  text6        0019CE
___fldiv@a                                cstackCOMRAM 000013
___fldiv@aexp                             cstackCOMRAM 000027
___fldiv@b                                cstackCOMRAM 00000F
___fldiv@bexp                             cstackCOMRAM 000026
___fldiv@grs                              cstackCOMRAM 000022
___fldiv@new_exp                          cstackCOMRAM 000020
___fldiv@rem                              cstackCOMRAM 00001B
___fldiv@sign                             cstackCOMRAM 00001F
___fltol                                  text5        002164
___fltol@exp1                             cstackCOMRAM 00000A
___fltol@f1                               cstackCOMRAM 000001
___fltol@sign1                            cstackCOMRAM 000009
___heap_hi                                (abs)        000000
___heap_lo                                (abs)        000000
___inthi_sp                               stack        000000
___inthi_stack_hi                         stack        000000
___inthi_stack_lo                         stack        000000
___intlo_sp                               stack        000000
___intlo_stack_hi                         stack        000000
___intlo_stack_lo                         stack        000000
___param_bank                             (abs)        000000
___rparam_used                            (abs)        000001
___sp                                     stack        000000
___stack_hi                               stack        000000
___stack_lo                               stack        000000
___xxtofl                                 text4        001D68
___xxtofl@arg                             cstackCOMRAM 00000B
___xxtofl@exp                             cstackCOMRAM 00000A
___xxtofl@sign                            cstackCOMRAM 000009
___xxtofl@val                             cstackCOMRAM 000001
__accesstop                               (abs)        000080
__activetblptr                            (abs)        000003
__end_of_INT0_ISR                         text25       002852
__end_of_INT1_ISR                         text24       00284E
__end_of_INT2_ISR                         text23       00284A
__end_of_LED_init                         text15       0026A8
__end_of_LED_off                          text13       002658
__end_of_LED_on                           text12       002604
__end_of_Timer0_ISR                       text22       002834
__end_of_Timer1_ISR                       text21       002828
__end_of_Timer2_ISR                       text20       00283C
__end_of_Uart_ASYNC_RX_Init               text9        00252E
__end_of_Uart_ASYNC_TX_Init               text8        00249E
__end_of_Uart_Baud_Rate_Calculation       text3        00150E
__end_of_Uart_Init                        text2        0027F6
__end_of_Uart_ReadByteNonBlocking         text11       002810
__end_of_Uart_WriteStringBlocking         text10       002782
__end_of___fladd                          text7        0019CE
__end_of___fldiv                          text6        001D68
__end_of___fltol                          text5        00226A
__end_of___xxtofl                         text4        001F1C
__end_of__initialization                  cinit        0025A6
__end_of_adc_ISR                          text19       002846
__end_of_gpio_set_pin_direction           text16       002048
__end_of_gpio_write_pin_logic             text14       002164
__end_of_main                             text0        00240E
__end_of_manage                           intcode_body 002370
__end_of_timer3_ISR                       text18       00281C
__end_of_uart_init                        text1        0027C4
__initialization                          cinit        00252E
__mediumconst                             mediumconst  000000
__pbssBANK0                               bssBANK0     0000CE
__pbssCOMRAM                              bssCOMRAM    000056
__pcinit                                  cinit        00252E
__pcstackCOMRAM                           cstackCOMRAM 000001
__pdataBANK0                              dataBANK0    000080
__pdataBANK1                              dataBANK1    000100
__pdataCOMRAM                             dataCOMRAM   000078
__pidataBANK0                             idataBANK0   0026A8
__pidataBANK1                             idataBANK1   0026F6
__pidataCOMRAM                            idataCOMRAM  00283C
__pintcode                                intcode      000008
__pintcode_body                           intcode_body 00226A
__psmallconst                             smallconst   001000
__ptext0                                  text0        002370
__ptext1                                  text1        002782
__ptext10                                 text10       00273E
__ptext11                                 text11       0027F6
__ptext12                                 text12       0025B0
__ptext13                                 text13       002604
__ptext14                                 text14       002048
__ptext15                                 text15       002658
__ptext16                                 text16       001F1C
__ptext18                                 text18       002810
__ptext19                                 text19       002842
__ptext2                                  text2        0027C4
__ptext20                                 text20       002834
__ptext21                                 text21       00281C
__ptext22                                 text22       002828
__ptext23                                 text23       002846
__ptext24                                 text24       00284A
__ptext25                                 text25       00284E
__ptext3                                  text3        00102E
__ptext4                                  text4        001D68
__ptext5                                  text5        002164
__ptext6                                  text6        0019CE
__ptext7                                  text7        00150E
__ptext8                                  text8        00240E
__ptext9                                  text9        00249E
__ramtop                                  ramtop       001000
__smallconst                              smallconst   001000
_adc_ISR                                  text19       002842
_data                                     bssCOMRAM    000077
_door_sensor                              dataBANK0    0000C2
_gpio_set_pin_direction                   text16       001F1C
_gpio_write_pin_logic                     text14       002048
_keypad1                                  dataBANK1    000110
_keypad_values                            dataBANK1    000100
_lcd1                                     dataBANK1    000130
_led1                                     dataCOMRAM   00007C
_led2                                     dataCOMRAM   00007A
_main                                     text0        002370
_manage                                   intcode      000008
_preload_value                            bssCOMRAM    000056
_seg_common_anode_values                  dataBANK0    0000A8
_seg_common_cathode_values                dataBANK0    00009E
_start_btn                                dataBANK0    0000C8
_timer0_InterruptHandler                  bssBANK0     0000EE
_timer0_preload                           bssCOMRAM    00005C
_timer1_InterruptHandler                  bssBANK0     0000EC
_timer1_preload                           bssCOMRAM    00005A
_timer3_ISR                               text18       002810
_tris_registers                           dataBANK0    000094
_uart_init                                text1        002782
_weight_sensor                            dataBANK0    0000BC
btemp                                     temp         00007E
end_of_initialization                     cinit        0025A6
gpio_set_pin_direction@pin_config         cstackCOMRAM 000001
gpio_write_pin_logic@logic                cstackCOMRAM 000003
gpio_write_pin_logic@pin_config           cstackCOMRAM 000001
int$flags                                 temp         00007E
int_func                                  intcode_body 00226A
intlevel0                                 text         000000
intlevel1                                 text         000000
intlevel2                                 text         000000
intlevel3                                 text         000000
isa$std                                   (abs)        000001
isa$xinst                                 (abs)        000000
stackhi                                   (abs)        000000
stacklo                                   (abs)        000000
start                                     init         00000E
start_initialization                      cinit        00252E
ttemp5                                    temp         00007F
ttemp6                                    temp         000082
ttemp7                                    temp         000086
uart_init@obj                             cstackCOMRAM 000044
wtemp8                                    temp         00007F


MODULE INFORMATION

Module		Function		Class		Link	Load	Size
D:\CodingPrograms\xc8\pic\sources\c99\common\sprcdiv.c
		___fldiv       		CODE           	19CE	0000	922

D:\CodingPrograms\xc8\pic\sources\c99\common\sprcdiv.c estimated size: 922

ECU_Layer/LED/LED.c
		_LED_on        		CODE           	25B0	0000	84
		_LED_init      		CODE           	2658	0000	80
		_LED_off       		CODE           	2604	0000	84

ECU_Layer/LED/LED.c estimated size: 248

D:\CodingPrograms\xc8\pic\sources\c99\common\sprcadd.c
		___fladd       		CODE           	150E	0000	1216

D:\CodingPrograms\xc8\pic\sources\c99\common\sprcadd.c estimated size: 1216

MCAL_Layer/GPIO/GPIO.c
		_gpio_set_pin_direction		CODE           	1F1C	0000	300
		_gpio_write_pin_logic		CODE           	2048	0000	284

MCAL_Layer/GPIO/GPIO.c estimated size: 584

MCAL_Layer/Timers/Timer3.c
		_timer3_ISR    		CODE           	2810	0000	12

MCAL_Layer/Timers/Timer3.c estimated size: 12

MCAL_Layer/Timers/Timer1.c
		_Timer1_ISR    		CODE           	281C	0000	12

MCAL_Layer/Timers/Timer1.c estimated size: 12

MCAL_Layer/ADC/adc.c
		_adc_ISR       		CODE           	2842	0000	4

MCAL_Layer/ADC/adc.c estimated size: 4

MCAL_Layer/interrupt/external_interrupt.c
		_INT0_ISR      		CODE           	284E	0000	4
		_INT1_ISR      		CODE           	284A	0000	4
		_INT2_ISR      		CODE           	2846	0000	4

MCAL_Layer/interrupt/external_interrupt.c estimated size: 12

shared
		__initialization		CODE           	252E	0000	120

shared estimated size: 120

D:\CodingPrograms\xc8\pic\sources\c99\common\xxtofl.c
		___xxtofl      		CODE           	1D68	0000	436

D:\CodingPrograms\xc8\pic\sources\c99\common\xxtofl.c estimated size: 436

interrupt_manager.c
		_manage        		CODE           	0008	0000	268

interrupt_manager.c estimated size: 268

MCAL_Layer/Timers/timer0.c
		_Timer0_ISR    		CODE           	2828	0000	12

MCAL_Layer/Timers/timer0.c estimated size: 12

D:\CodingPrograms\xc8\pic\sources\c99\common\fltol.c
		___fltol       		CODE           	2164	0000	262

D:\CodingPrograms\xc8\pic\sources\c99\common\fltol.c estimated size: 262

MCAL_Layer/Timers/Timer2.c
		_Timer2_ISR    		CODE           	2834	0000	8

MCAL_Layer/Timers/Timer2.c estimated size: 8

main.c
		_main          		CODE           	2370	0000	158
		_uart_init     		CODE           	2782	0000	66

main.c estimated size: 224

MCAL_Layer/USART/usart.c
		_Uart_Baud_Rate_Calculation		CODE           	102E	0000	1248
		_Uart_Init     		CODE           	27C4	0000	50
		_Uart_WriteStringBlocking		CODE           	273E	0000	68
		_Uart_ASYNC_RX_Init		CODE           	249E	0000	144
		_Uart_ASYNC_TX_Init		CODE           	240E	0000	144
		_Uart_ReadByteNonBlocking		CODE           	27F6	0000	26

MCAL_Layer/USART/usart.c estimated size: 1680

